[debug] [2025-12-19T22:02:46.442Z] Checked if tokens are valid: false, expires at: 1766116767764
[debug] [2025-12-19T22:02:46.450Z] Checked if tokens are valid: false, expires at: 1766116767764
[debug] [2025-12-19T22:02:46.450Z] > refreshing access token with scopes: []
[debug] [2025-12-19T22:02:46.454Z] >>> [apiv2][query] POST https://www.googleapis.com/oauth2/v3/token [none]
[debug] [2025-12-19T22:02:46.454Z] >>> [apiv2][body] POST https://www.googleapis.com/oauth2/v3/token [omitted]
[debug] [2025-12-19T22:02:46.464Z] Checked if tokens are valid: false, expires at: 1766116767764
[debug] [2025-12-19T22:02:46.464Z] Checked if tokens are valid: false, expires at: 1766116767764
[debug] [2025-12-19T22:02:46.464Z] > refreshing access token with scopes: []
[debug] [2025-12-19T22:02:46.465Z] >>> [apiv2][query] POST https://www.googleapis.com/oauth2/v3/token [none]
[debug] [2025-12-19T22:02:46.465Z] >>> [apiv2][body] POST https://www.googleapis.com/oauth2/v3/token [omitted]
[debug] [2025-12-19T22:02:46.562Z] <<< [apiv2][status] POST https://www.googleapis.com/oauth2/v3/token 400
[debug] [2025-12-19T22:02:46.562Z] <<< [apiv2][body] POST https://www.googleapis.com/oauth2/v3/token [omitted]
[error] Authentication Error: Your credentials are no longer valid. Please run firebase login --reauth

For CI servers and headless environments, generate a new token with firebase login:ci
[error] Authentication Error: Your credentials are no longer valid. Please run firebase login --reauth

For CI servers and headless environments, generate a new token with firebase login:ci
[error] Failed to fetch Firebase Project from current Studio Workspace: Authentication Error: Your credentials are no longer valid. Please run firebase login --reauth

For CI servers and headless environments, generate a new token with firebase login:ci
[debug] [2025-12-19T22:02:46.566Z] Checked if tokens are valid: false, expires at: 1766116767764
[debug] [2025-12-19T22:02:46.566Z] Checked if tokens are valid: false, expires at: 1766116767764
[debug] [2025-12-19T22:02:46.566Z] > refreshing access token with scopes: []
[debug] [2025-12-19T22:02:46.567Z] >>> [apiv2][query] POST https://www.googleapis.com/oauth2/v3/token [none]
[debug] [2025-12-19T22:02:46.568Z] >>> [apiv2][body] POST https://www.googleapis.com/oauth2/v3/token [omitted]
[debug] [2025-12-19T22:02:46.575Z] <<< [apiv2][status] POST https://www.googleapis.com/oauth2/v3/token 400
[debug] [2025-12-19T22:02:46.575Z] <<< [apiv2][body] POST https://www.googleapis.com/oauth2/v3/token [omitted]
[error] Authentication Error: Your credentials are no longer valid. Please run firebase login --reauth

For CI servers and headless environments, generate a new token with firebase login:ci
[error] Authentication Error: Your credentials are no longer valid. Please run firebase login --reauth

For CI servers and headless environments, generate a new token with firebase login:ci
[error] Failed to fetch Firebase Project from current Studio Workspace: Authentication Error: Your credentials are no longer valid. Please run firebase login --reauth

For CI servers and headless environments, generate a new token with firebase login:ci
[debug] [2025-12-19T22:02:46.577Z] Checked if tokens are valid: false, expires at: 1766116767764
[debug] [2025-12-19T22:02:46.577Z] Checked if tokens are valid: false, expires at: 1766116767764
[debug] [2025-12-19T22:02:46.578Z] > refreshing access token with scopes: []
[debug] [2025-12-19T22:02:46.578Z] >>> [apiv2][query] POST https://www.googleapis.com/oauth2/v3/token [none]
[debug] [2025-12-19T22:02:46.578Z] >>> [apiv2][body] POST https://www.googleapis.com/oauth2/v3/token [omitted]
[debug] [2025-12-19T22:02:46.637Z] <<< [apiv2][status] POST https://www.googleapis.com/oauth2/v3/token 400
[debug] [2025-12-19T22:02:46.637Z] <<< [apiv2][body] POST https://www.googleapis.com/oauth2/v3/token [omitted]
[error] Authentication Error: Your credentials are no longer valid. Please run firebase login --reauth

For CI servers and headless environments, generate a new token with firebase login:ci
[error] Authentication Error: Your credentials are no longer valid. Please run firebase login --reauth

For CI servers and headless environments, generate a new token with firebase login:ci
[error] Failed to fetch Firebase Project from current Studio Workspace: Authentication Error: Your credentials are no longer valid. Please run firebase login --reauth

For CI servers and headless environments, generate a new token with firebase login:ci
[debug] [2025-12-19T22:02:46.639Z] > command requires scopes: ["email","openid","https://www.googleapis.com/auth/cloudplatformprojects.readonly","https://www.googleapis.com/auth/firebase","https://www.googleapis.com/auth/cloud-platform","https://www.googleapis.com/auth/userinfo.email"]
[debug] [2025-12-19T22:02:46.639Z] > authorizing via signed-in user (info@prostoglass.com)
[debug] [2025-12-19T22:02:46.713Z] <<< [apiv2][status] POST https://www.googleapis.com/oauth2/v3/token 400
[debug] [2025-12-19T22:02:46.713Z] <<< [apiv2][body] POST https://www.googleapis.com/oauth2/v3/token [omitted]
[error] Authentication Error: Your credentials are no longer valid. Please run firebase login --reauth

For CI servers and headless environments, generate a new token with firebase login:ci
[error] Authentication Error: Your credentials are no longer valid. Please run firebase login --reauth

For CI servers and headless environments, generate a new token with firebase login:ci
[error] Failed to fetch Firebase Project from current Studio Workspace: Authentication Error: Your credentials are no longer valid. Please run firebase login --reauth

For CI servers and headless environments, generate a new token with firebase login:ci
[debug] [2025-12-19T22:02:46.714Z] > command requires scopes: ["email","openid","https://www.googleapis.com/auth/cloudplatformprojects.readonly","https://www.googleapis.com/auth/firebase","https://www.googleapis.com/auth/cloud-platform","https://www.googleapis.com/auth/userinfo.email"]
[debug] [2025-12-19T22:02:46.714Z] > authorizing via signed-in user (info@prostoglass.com)
[debug] [2025-12-19T22:02:47.006Z] Checked if tokens are valid: false, expires at: 1766116767764
[debug] [2025-12-19T22:02:47.006Z] Checked if tokens are valid: false, expires at: 1766116767764
[debug] [2025-12-19T22:02:47.007Z] > refreshing access token with scopes: []
[debug] [2025-12-19T22:02:47.008Z] >>> [apiv2][query] POST https://www.googleapis.com/oauth2/v3/token [none]
[debug] [2025-12-19T22:02:47.008Z] >>> [apiv2][body] POST https://www.googleapis.com/oauth2/v3/token [omitted]
[debug] [2025-12-19T22:02:47.087Z] <<< [apiv2][status] POST https://www.googleapis.com/oauth2/v3/token 400
[debug] [2025-12-19T22:02:47.088Z] <<< [apiv2][body] POST https://www.googleapis.com/oauth2/v3/token [omitted]
[error] Authentication Error: Your credentials are no longer valid. Please run firebase login --reauth

For CI servers and headless environments, generate a new token with firebase login:ci
[error] Authentication Error: Your credentials are no longer valid. Please run firebase login --reauth

For CI servers and headless environments, generate a new token with firebase login:ci
[error] Failed to fetch Firebase Project from current Studio Workspace: Authentication Error: Your credentials are no longer valid. Please run firebase login --reauth

For CI servers and headless environments, generate a new token with firebase login:ci
[debug] [2025-12-19T22:02:47.102Z] Checked if tokens are valid: false, expires at: 1766116767764
[debug] [2025-12-19T22:02:47.102Z] Checked if tokens are valid: false, expires at: 1766116767764
[debug] [2025-12-19T22:02:47.103Z] > refreshing access token with scopes: []
[debug] [2025-12-19T22:02:47.103Z] >>> [apiv2][query] POST https://www.googleapis.com/oauth2/v3/token [none]
[debug] [2025-12-19T22:02:47.104Z] >>> [apiv2][body] POST https://www.googleapis.com/oauth2/v3/token [omitted]
[debug] [2025-12-19T22:02:47.164Z] <<< [apiv2][status] POST https://www.googleapis.com/oauth2/v3/token 400
[debug] [2025-12-19T22:02:47.165Z] <<< [apiv2][body] POST https://www.googleapis.com/oauth2/v3/token [omitted]
[error] Authentication Error: Your credentials are no longer valid. Please run firebase login --reauth

For CI servers and headless environments, generate a new token with firebase login:ci
[error] Authentication Error: Your credentials are no longer valid. Please run firebase login --reauth

For CI servers and headless environments, generate a new token with firebase login:ci
[error] Failed to fetch Firebase Project from current Studio Workspace: Authentication Error: Your credentials are no longer valid. Please run firebase login --reauth

For CI servers and headless environments, generate a new token with firebase login:ci
[debug] [2025-12-19T22:02:47.171Z] Checked if tokens are valid: false, expires at: 1766116767764
[debug] [2025-12-19T22:02:47.171Z] Checked if tokens are valid: false, expires at: 1766116767764
[debug] [2025-12-19T22:02:47.171Z] > refreshing access token with scopes: []
[debug] [2025-12-19T22:02:47.172Z] >>> [apiv2][query] POST https://www.googleapis.com/oauth2/v3/token [none]
[debug] [2025-12-19T22:02:47.172Z] >>> [apiv2][body] POST https://www.googleapis.com/oauth2/v3/token [omitted]
[debug] [2025-12-19T22:02:47.213Z] <<< [apiv2][status] POST https://www.googleapis.com/oauth2/v3/token 400
[debug] [2025-12-19T22:02:47.213Z] <<< [apiv2][body] POST https://www.googleapis.com/oauth2/v3/token [omitted]
[error] Authentication Error: Your credentials are no longer valid. Please run firebase login --reauth

For CI servers and headless environments, generate a new token with firebase login:ci
[error] Authentication Error: Your credentials are no longer valid. Please run firebase login --reauth

For CI servers and headless environments, generate a new token with firebase login:ci
[error] Failed to fetch Firebase Project from current Studio Workspace: Authentication Error: Your credentials are no longer valid. Please run firebase login --reauth

For CI servers and headless environments, generate a new token with firebase login:ci
[debug] [2025-12-19T22:02:47.214Z] > command requires scopes: ["email","openid","https://www.googleapis.com/auth/cloudplatformprojects.readonly","https://www.googleapis.com/auth/firebase","https://www.googleapis.com/auth/cloud-platform","https://www.googleapis.com/auth/userinfo.email"]
[debug] [2025-12-19T22:02:47.214Z] > authorizing via signed-in user (info@prostoglass.com)
[debug] [2025-12-19T22:02:47.218Z] Checked if tokens are valid: false, expires at: 1766116767764
[debug] [2025-12-19T22:02:47.218Z] Checked if tokens are valid: false, expires at: 1766116767764
[debug] [2025-12-19T22:02:47.219Z] > refreshing access token with scopes: []
[debug] [2025-12-19T22:02:47.219Z] >>> [apiv2][query] POST https://www.googleapis.com/oauth2/v3/token [none]
[debug] [2025-12-19T22:02:47.220Z] >>> [apiv2][body] POST https://www.googleapis.com/oauth2/v3/token [omitted]
[debug] [2025-12-19T22:02:47.279Z] <<< [apiv2][status] POST https://www.googleapis.com/oauth2/v3/token 400
[debug] [2025-12-19T22:02:47.279Z] <<< [apiv2][body] POST https://www.googleapis.com/oauth2/v3/token [omitted]
[error] Authentication Error: Your credentials are no longer valid. Please run firebase login --reauth

For CI servers and headless environments, generate a new token with firebase login:ci
[error] Authentication Error: Your credentials are no longer valid. Please run firebase login --reauth

For CI servers and headless environments, generate a new token with firebase login:ci
[error] Failed to fetch Firebase Project from current Studio Workspace: Authentication Error: Your credentials are no longer valid. Please run firebase login --reauth

For CI servers and headless environments, generate a new token with firebase login:ci
[debug] [2025-12-19T22:02:47.280Z] > command requires scopes: ["email","openid","https://www.googleapis.com/auth/cloudplatformprojects.readonly","https://www.googleapis.com/auth/firebase","https://www.googleapis.com/auth/cloud-platform","https://www.googleapis.com/auth/userinfo.email"]
[debug] [2025-12-19T22:02:47.280Z] > authorizing via signed-in user (info@prostoglass.com)
[debug] [2025-12-19T22:02:47.293Z] Checked if tokens are valid: false, expires at: 1766116767764
[debug] [2025-12-19T22:02:47.294Z] Checked if tokens are valid: false, expires at: 1766116767764
[debug] [2025-12-19T22:02:47.294Z] > refreshing access token with scopes: []
[debug] [2025-12-19T22:02:47.295Z] >>> [apiv2][query] POST https://www.googleapis.com/oauth2/v3/token [none]
[debug] [2025-12-19T22:02:47.295Z] >>> [apiv2][body] POST https://www.googleapis.com/oauth2/v3/token [omitted]
[debug] [2025-12-19T22:02:47.355Z] <<< [apiv2][status] POST https://www.googleapis.com/oauth2/v3/token 400
[debug] [2025-12-19T22:02:47.357Z] <<< [apiv2][body] POST https://www.googleapis.com/oauth2/v3/token [omitted]
[error] Authentication Error: Your credentials are no longer valid. Please run firebase login --reauth

For CI servers and headless environments, generate a new token with firebase login:ci
[error] Authentication Error: Your credentials are no longer valid. Please run firebase login --reauth

For CI servers and headless environments, generate a new token with firebase login:ci
[error] Failed to fetch Firebase Project from current Studio Workspace: Authentication Error: Your credentials are no longer valid. Please run firebase login --reauth

For CI servers and headless environments, generate a new token with firebase login:ci
[debug] [2025-12-19T22:02:47.381Z] Checked if tokens are valid: false, expires at: 1766116767764
[debug] [2025-12-19T22:02:47.381Z] Checked if tokens are valid: false, expires at: 1766116767764
[debug] [2025-12-19T22:02:47.381Z] > refreshing access token with scopes: []
[debug] [2025-12-19T22:02:47.383Z] >>> [apiv2][query] POST https://www.googleapis.com/oauth2/v3/token [none]
[debug] [2025-12-19T22:02:47.383Z] >>> [apiv2][body] POST https://www.googleapis.com/oauth2/v3/token [omitted]
[debug] [2025-12-19T22:02:47.429Z] <<< [apiv2][status] POST https://www.googleapis.com/oauth2/v3/token 400
[debug] [2025-12-19T22:02:47.430Z] <<< [apiv2][body] POST https://www.googleapis.com/oauth2/v3/token [omitted]
[error] Authentication Error: Your credentials are no longer valid. Please run firebase login --reauth

For CI servers and headless environments, generate a new token with firebase login:ci
[error] Authentication Error: Your credentials are no longer valid. Please run firebase login --reauth

For CI servers and headless environments, generate a new token with firebase login:ci
[error] Failed to fetch Firebase Project from current Studio Workspace: Authentication Error: Your credentials are no longer valid. Please run firebase login --reauth

For CI servers and headless environments, generate a new token with firebase login:ci
[debug] [2025-12-19T22:02:47.433Z] Checked if tokens are valid: false, expires at: 1766116767764
[debug] [2025-12-19T22:02:47.434Z] Checked if tokens are valid: false, expires at: 1766116767764
[debug] [2025-12-19T22:02:47.434Z] > refreshing access token with scopes: []
[debug] [2025-12-19T22:02:47.434Z] >>> [apiv2][query] POST https://www.googleapis.com/oauth2/v3/token [none]
[debug] [2025-12-19T22:02:47.435Z] >>> [apiv2][body] POST https://www.googleapis.com/oauth2/v3/token [omitted]
[debug] [2025-12-19T22:02:47.509Z] <<< [apiv2][status] POST https://www.googleapis.com/oauth2/v3/token 400
[debug] [2025-12-19T22:02:47.510Z] <<< [apiv2][body] POST https://www.googleapis.com/oauth2/v3/token [omitted]
[error] Authentication Error: Your credentials are no longer valid. Please run firebase login --reauth

For CI servers and headless environments, generate a new token with firebase login:ci
[error] Authentication Error: Your credentials are no longer valid. Please run firebase login --reauth

For CI servers and headless environments, generate a new token with firebase login:ci
[error] Failed to fetch Firebase Project from current Studio Workspace: Authentication Error: Your credentials are no longer valid. Please run firebase login --reauth

For CI servers and headless environments, generate a new token with firebase login:ci
[debug] [2025-12-19T22:02:47.511Z] > command requires scopes: ["email","openid","https://www.googleapis.com/auth/cloudplatformprojects.readonly","https://www.googleapis.com/auth/firebase","https://www.googleapis.com/auth/cloud-platform","https://www.googleapis.com/auth/userinfo.email"]
[debug] [2025-12-19T22:02:47.513Z] > authorizing via signed-in user (info@prostoglass.com)
[debug] [2025-12-19T22:02:47.519Z] Checked if tokens are valid: false, expires at: 1766116767764
[debug] [2025-12-19T22:02:47.520Z] Checked if tokens are valid: false, expires at: 1766116767764
[debug] [2025-12-19T22:02:47.520Z] > refreshing access token with scopes: []
[debug] [2025-12-19T22:02:47.522Z] >>> [apiv2][query] POST https://www.googleapis.com/oauth2/v3/token [none]
[debug] [2025-12-19T22:02:47.524Z] >>> [apiv2][body] POST https://www.googleapis.com/oauth2/v3/token [omitted]
[debug] [2025-12-19T22:02:47.587Z] <<< [apiv2][status] POST https://www.googleapis.com/oauth2/v3/token 400
[debug] [2025-12-19T22:02:47.587Z] <<< [apiv2][body] POST https://www.googleapis.com/oauth2/v3/token [omitted]
[error] Authentication Error: Your credentials are no longer valid. Please run firebase login --reauth

For CI servers and headless environments, generate a new token with firebase login:ci
[error] Authentication Error: Your credentials are no longer valid. Please run firebase login --reauth

For CI servers and headless environments, generate a new token with firebase login:ci
[error] Failed to fetch Firebase Project from current Studio Workspace: Authentication Error: Your credentials are no longer valid. Please run firebase login --reauth

For CI servers and headless environments, generate a new token with firebase login:ci
[debug] [2025-12-19T22:02:47.588Z] > command requires scopes: ["email","openid","https://www.googleapis.com/auth/cloudplatformprojects.readonly","https://www.googleapis.com/auth/firebase","https://www.googleapis.com/auth/cloud-platform","https://www.googleapis.com/auth/userinfo.email"]
[debug] [2025-12-19T22:02:47.589Z] > authorizing via signed-in user (info@prostoglass.com)
[debug] [2025-12-19T22:08:25.785Z] Checked if tokens are valid: false, expires at: 1766116767764
[debug] [2025-12-19T22:08:25.789Z] Checked if tokens are valid: false, expires at: 1766116767764
[debug] [2025-12-19T22:08:25.791Z] > refreshing access token with scopes: []
[debug] [2025-12-19T22:08:25.793Z] >>> [apiv2][query] POST https://www.googleapis.com/oauth2/v3/token [none]
[debug] [2025-12-19T22:08:25.793Z] >>> [apiv2][body] POST https://www.googleapis.com/oauth2/v3/token [omitted]
[debug] [2025-12-19T22:08:25.800Z] Checked if tokens are valid: false, expires at: 1766116767764
[debug] [2025-12-19T22:08:25.800Z] Checked if tokens are valid: false, expires at: 1766116767764
[debug] [2025-12-19T22:08:25.800Z] > refreshing access token with scopes: []
[debug] [2025-12-19T22:08:25.801Z] >>> [apiv2][query] POST https://www.googleapis.com/oauth2/v3/token [none]
[debug] [2025-12-19T22:08:25.801Z] >>> [apiv2][body] POST https://www.googleapis.com/oauth2/v3/token [omitted]
[debug] [2025-12-19T22:08:25.976Z] <<< [apiv2][status] POST https://www.googleapis.com/oauth2/v3/token 400
[debug] [2025-12-19T22:08:25.977Z] <<< [apiv2][body] POST https://www.googleapis.com/oauth2/v3/token [omitted]
[error] Authentication Error: Your credentials are no longer valid. Please run firebase login --reauth

For CI servers and headless environments, generate a new token with firebase login:ci
[error] Authentication Error: Your credentials are no longer valid. Please run firebase login --reauth

For CI servers and headless environments, generate a new token with firebase login:ci
[error] Failed to fetch Firebase Project from current Studio Workspace: Authentication Error: Your credentials are no longer valid. Please run firebase login --reauth

For CI servers and headless environments, generate a new token with firebase login:ci
[debug] [2025-12-19T22:08:25.982Z] Checked if tokens are valid: false, expires at: 1766116767764
[debug] [2025-12-19T22:08:25.982Z] Checked if tokens are valid: false, expires at: 1766116767764
[debug] [2025-12-19T22:08:25.982Z] > refreshing access token with scopes: []
[debug] [2025-12-19T22:08:25.984Z] >>> [apiv2][query] POST https://www.googleapis.com/oauth2/v3/token [none]
[debug] [2025-12-19T22:08:25.984Z] >>> [apiv2][body] POST https://www.googleapis.com/oauth2/v3/token [omitted]
[debug] [2025-12-19T22:08:25.989Z] <<< [apiv2][status] POST https://www.googleapis.com/oauth2/v3/token 400
[debug] [2025-12-19T22:08:25.989Z] <<< [apiv2][body] POST https://www.googleapis.com/oauth2/v3/token [omitted]
[error] Authentication Error: Your credentials are no longer valid. Please run firebase login --reauth

For CI servers and headless environments, generate a new token with firebase login:ci
[error] Authentication Error: Your credentials are no longer valid. Please run firebase login --reauth

For CI servers and headless environments, generate a new token with firebase login:ci
[error] Failed to fetch Firebase Project from current Studio Workspace: Authentication Error: Your credentials are no longer valid. Please run firebase login --reauth

For CI servers and headless environments, generate a new token with firebase login:ci
[debug] [2025-12-19T22:08:25.991Z] Checked if tokens are valid: false, expires at: 1766116767764
[debug] [2025-12-19T22:08:25.992Z] Checked if tokens are valid: false, expires at: 1766116767764
[debug] [2025-12-19T22:08:25.992Z] > refreshing access token with scopes: []
[debug] [2025-12-19T22:08:25.992Z] >>> [apiv2][query] POST https://www.googleapis.com/oauth2/v3/token [none]
[debug] [2025-12-19T22:08:25.992Z] >>> [apiv2][body] POST https://www.googleapis.com/oauth2/v3/token [omitted]
[debug] [2025-12-19T22:08:26.035Z] <<< [apiv2][status] POST https://www.googleapis.com/oauth2/v3/token 400
[debug] [2025-12-19T22:08:26.036Z] <<< [apiv2][body] POST https://www.googleapis.com/oauth2/v3/token [omitted]
[error] Authentication Error: Your credentials are no longer valid. Please run firebase login --reauth

For CI servers and headless environments, generate a new token with firebase login:ci
[error] Authentication Error: Your credentials are no longer valid. Please run firebase login --reauth

For CI servers and headless environments, generate a new token with firebase login:ci
[error] Failed to fetch Firebase Project from current Studio Workspace: Authentication Error: Your credentials are no longer valid. Please run firebase login --reauth

For CI servers and headless environments, generate a new token with firebase login:ci
[debug] [2025-12-19T22:08:26.037Z] > command requires scopes: ["email","openid","https://www.googleapis.com/auth/cloudplatformprojects.readonly","https://www.googleapis.com/auth/firebase","https://www.googleapis.com/auth/cloud-platform","https://www.googleapis.com/auth/userinfo.email"]
[debug] [2025-12-19T22:08:26.038Z] > authorizing via signed-in user (info@prostoglass.com)
[debug] [2025-12-19T22:08:26.126Z] <<< [apiv2][status] POST https://www.googleapis.com/oauth2/v3/token 400
[debug] [2025-12-19T22:08:26.127Z] <<< [apiv2][body] POST https://www.googleapis.com/oauth2/v3/token [omitted]
[error] Authentication Error: Your credentials are no longer valid. Please run firebase login --reauth

For CI servers and headless environments, generate a new token with firebase login:ci
[error] Authentication Error: Your credentials are no longer valid. Please run firebase login --reauth

For CI servers and headless environments, generate a new token with firebase login:ci
[error] Failed to fetch Firebase Project from current Studio Workspace: Authentication Error: Your credentials are no longer valid. Please run firebase login --reauth

For CI servers and headless environments, generate a new token with firebase login:ci
[debug] [2025-12-19T22:08:26.127Z] > command requires scopes: ["email","openid","https://www.googleapis.com/auth/cloudplatformprojects.readonly","https://www.googleapis.com/auth/firebase","https://www.googleapis.com/auth/cloud-platform","https://www.googleapis.com/auth/userinfo.email"]
[debug] [2025-12-19T22:08:26.128Z] > authorizing via signed-in user (info@prostoglass.com)
[debug] [2025-12-19T22:08:26.335Z] Checked if tokens are valid: false, expires at: 1766116767764
[debug] [2025-12-19T22:08:26.336Z] Checked if tokens are valid: false, expires at: 1766116767764
[debug] [2025-12-19T22:08:26.336Z] > refreshing access token with scopes: []
[debug] [2025-12-19T22:08:26.337Z] >>> [apiv2][query] POST https://www.googleapis.com/oauth2/v3/token [none]
[debug] [2025-12-19T22:08:26.337Z] >>> [apiv2][body] POST https://www.googleapis.com/oauth2/v3/token [omitted]
[debug] [2025-12-19T22:08:26.394Z] <<< [apiv2][status] POST https://www.googleapis.com/oauth2/v3/token 400
[debug] [2025-12-19T22:08:26.394Z] <<< [apiv2][body] POST https://www.googleapis.com/oauth2/v3/token [omitted]
[error] Authentication Error: Your credentials are no longer valid. Please run firebase login --reauth

For CI servers and headless environments, generate a new token with firebase login:ci
[error] Authentication Error: Your credentials are no longer valid. Please run firebase login --reauth

For CI servers and headless environments, generate a new token with firebase login:ci
[error] Failed to fetch Firebase Project from current Studio Workspace: Authentication Error: Your credentials are no longer valid. Please run firebase login --reauth

For CI servers and headless environments, generate a new token with firebase login:ci
[debug] [2025-12-19T22:08:26.408Z] Checked if tokens are valid: false, expires at: 1766116767764
[debug] [2025-12-19T22:08:26.410Z] Checked if tokens are valid: false, expires at: 1766116767764
[debug] [2025-12-19T22:08:26.410Z] > refreshing access token with scopes: []
[debug] [2025-12-19T22:08:26.410Z] >>> [apiv2][query] POST https://www.googleapis.com/oauth2/v3/token [none]
[debug] [2025-12-19T22:08:26.411Z] >>> [apiv2][body] POST https://www.googleapis.com/oauth2/v3/token [omitted]
[debug] [2025-12-19T22:08:26.456Z] <<< [apiv2][status] POST https://www.googleapis.com/oauth2/v3/token 400
[debug] [2025-12-19T22:08:26.457Z] <<< [apiv2][body] POST https://www.googleapis.com/oauth2/v3/token [omitted]
[error] Authentication Error: Your credentials are no longer valid. Please run firebase login --reauth

For CI servers and headless environments, generate a new token with firebase login:ci
[error] Authentication Error: Your credentials are no longer valid. Please run firebase login --reauth

For CI servers and headless environments, generate a new token with firebase login:ci
[error] Failed to fetch Firebase Project from current Studio Workspace: Authentication Error: Your credentials are no longer valid. Please run firebase login --reauth

For CI servers and headless environments, generate a new token with firebase login:ci
[debug] [2025-12-19T22:08:26.459Z] Checked if tokens are valid: false, expires at: 1766116767764
[debug] [2025-12-19T22:08:26.459Z] Checked if tokens are valid: false, expires at: 1766116767764
[debug] [2025-12-19T22:08:26.459Z] > refreshing access token with scopes: []
[debug] [2025-12-19T22:08:26.460Z] >>> [apiv2][query] POST https://www.googleapis.com/oauth2/v3/token [none]
[debug] [2025-12-19T22:08:26.460Z] >>> [apiv2][body] POST https://www.googleapis.com/oauth2/v3/token [omitted]
[debug] [2025-12-19T22:08:26.510Z] <<< [apiv2][status] POST https://www.googleapis.com/oauth2/v3/token 400
[debug] [2025-12-19T22:08:26.510Z] <<< [apiv2][body] POST https://www.googleapis.com/oauth2/v3/token [omitted]
[error] Authentication Error: Your credentials are no longer valid. Please run firebase login --reauth

For CI servers and headless environments, generate a new token with firebase login:ci
[error] Authentication Error: Your credentials are no longer valid. Please run firebase login --reauth

For CI servers and headless environments, generate a new token with firebase login:ci
[error] Failed to fetch Firebase Project from current Studio Workspace: Authentication Error: Your credentials are no longer valid. Please run firebase login --reauth

For CI servers and headless environments, generate a new token with firebase login:ci
[debug] [2025-12-19T22:08:26.511Z] > command requires scopes: ["email","openid","https://www.googleapis.com/auth/cloudplatformprojects.readonly","https://www.googleapis.com/auth/firebase","https://www.googleapis.com/auth/cloud-platform","https://www.googleapis.com/auth/userinfo.email"]
[debug] [2025-12-19T22:08:26.511Z] > authorizing via signed-in user (info@prostoglass.com)
[debug] [2025-12-19T22:08:26.515Z] Checked if tokens are valid: false, expires at: 1766116767764
[debug] [2025-12-19T22:08:26.515Z] Checked if tokens are valid: false, expires at: 1766116767764
[debug] [2025-12-19T22:08:26.515Z] > refreshing access token with scopes: []
[debug] [2025-12-19T22:08:26.516Z] >>> [apiv2][query] POST https://www.googleapis.com/oauth2/v3/token [none]
[debug] [2025-12-19T22:08:26.516Z] >>> [apiv2][body] POST https://www.googleapis.com/oauth2/v3/token [omitted]
[debug] [2025-12-19T22:08:26.558Z] <<< [apiv2][status] POST https://www.googleapis.com/oauth2/v3/token 400
[debug] [2025-12-19T22:08:26.559Z] <<< [apiv2][body] POST https://www.googleapis.com/oauth2/v3/token [omitted]
[error] Authentication Error: Your credentials are no longer valid. Please run firebase login --reauth

For CI servers and headless environments, generate a new token with firebase login:ci
[error] Authentication Error: Your credentials are no longer valid. Please run firebase login --reauth

For CI servers and headless environments, generate a new token with firebase login:ci
[error] Failed to fetch Firebase Project from current Studio Workspace: Authentication Error: Your credentials are no longer valid. Please run firebase login --reauth

For CI servers and headless environments, generate a new token with firebase login:ci
[debug] [2025-12-19T22:08:26.560Z] > command requires scopes: ["email","openid","https://www.googleapis.com/auth/cloudplatformprojects.readonly","https://www.googleapis.com/auth/firebase","https://www.googleapis.com/auth/cloud-platform","https://www.googleapis.com/auth/userinfo.email"]
[debug] [2025-12-19T22:08:26.560Z] > authorizing via signed-in user (info@prostoglass.com)
[debug] [2025-12-19T22:08:26.571Z] Checked if tokens are valid: false, expires at: 1766116767764
[debug] [2025-12-19T22:08:26.571Z] Checked if tokens are valid: false, expires at: 1766116767764
[debug] [2025-12-19T22:08:26.571Z] > refreshing access token with scopes: []
[debug] [2025-12-19T22:08:26.571Z] >>> [apiv2][query] POST https://www.googleapis.com/oauth2/v3/token [none]
[debug] [2025-12-19T22:08:26.572Z] >>> [apiv2][body] POST https://www.googleapis.com/oauth2/v3/token [omitted]
[debug] [2025-12-19T22:08:26.630Z] <<< [apiv2][status] POST https://www.googleapis.com/oauth2/v3/token 400
[debug] [2025-12-19T22:08:26.630Z] <<< [apiv2][body] POST https://www.googleapis.com/oauth2/v3/token [omitted]
[error] Authentication Error: Your credentials are no longer valid. Please run firebase login --reauth

For CI servers and headless environments, generate a new token with firebase login:ci
[error] Authentication Error: Your credentials are no longer valid. Please run firebase login --reauth

For CI servers and headless environments, generate a new token with firebase login:ci
[error] Failed to fetch Firebase Project from current Studio Workspace: Authentication Error: Your credentials are no longer valid. Please run firebase login --reauth

For CI servers and headless environments, generate a new token with firebase login:ci
[debug] [2025-12-19T22:08:26.645Z] Checked if tokens are valid: false, expires at: 1766116767764
[debug] [2025-12-19T22:08:26.645Z] Checked if tokens are valid: false, expires at: 1766116767764
[debug] [2025-12-19T22:08:26.645Z] > refreshing access token with scopes: []
[debug] [2025-12-19T22:08:26.646Z] >>> [apiv2][query] POST https://www.googleapis.com/oauth2/v3/token [none]
[debug] [2025-12-19T22:08:26.646Z] >>> [apiv2][body] POST https://www.googleapis.com/oauth2/v3/token [omitted]
[debug] [2025-12-19T22:08:26.707Z] <<< [apiv2][status] POST https://www.googleapis.com/oauth2/v3/token 400
[debug] [2025-12-19T22:08:26.708Z] <<< [apiv2][body] POST https://www.googleapis.com/oauth2/v3/token [omitted]
[error] Authentication Error: Your credentials are no longer valid. Please run firebase login --reauth

For CI servers and headless environments, generate a new token with firebase login:ci
[error] Authentication Error: Your credentials are no longer valid. Please run firebase login --reauth

For CI servers and headless environments, generate a new token with firebase login:ci
[error] Failed to fetch Firebase Project from current Studio Workspace: Authentication Error: Your credentials are no longer valid. Please run firebase login --reauth

For CI servers and headless environments, generate a new token with firebase login:ci
[debug] [2025-12-19T22:08:26.711Z] Checked if tokens are valid: false, expires at: 1766116767764
[debug] [2025-12-19T22:08:26.711Z] Checked if tokens are valid: false, expires at: 1766116767764
[debug] [2025-12-19T22:08:26.712Z] > refreshing access token with scopes: []
[debug] [2025-12-19T22:08:26.712Z] >>> [apiv2][query] POST https://www.googleapis.com/oauth2/v3/token [none]
[debug] [2025-12-19T22:08:26.712Z] >>> [apiv2][body] POST https://www.googleapis.com/oauth2/v3/token [omitted]
[debug] [2025-12-19T22:08:26.765Z] <<< [apiv2][status] POST https://www.googleapis.com/oauth2/v3/token 400
[debug] [2025-12-19T22:08:26.765Z] <<< [apiv2][body] POST https://www.googleapis.com/oauth2/v3/token [omitted]
[error] Authentication Error: Your credentials are no longer valid. Please run firebase login --reauth

For CI servers and headless environments, generate a new token with firebase login:ci
[error] Authentication Error: Your credentials are no longer valid. Please run firebase login --reauth

For CI servers and headless environments, generate a new token with firebase login:ci
[error] Failed to fetch Firebase Project from current Studio Workspace: Authentication Error: Your credentials are no longer valid. Please run firebase login --reauth

For CI servers and headless environments, generate a new token with firebase login:ci
[debug] [2025-12-19T22:08:26.766Z] > command requires scopes: ["email","openid","https://www.googleapis.com/auth/cloudplatformprojects.readonly","https://www.googleapis.com/auth/firebase","https://www.googleapis.com/auth/cloud-platform","https://www.googleapis.com/auth/userinfo.email"]
[debug] [2025-12-19T22:08:26.766Z] > authorizing via signed-in user (info@prostoglass.com)
[debug] [2025-12-19T22:08:26.768Z] Checked if tokens are valid: false, expires at: 1766116767764
[debug] [2025-12-19T22:08:26.768Z] Checked if tokens are valid: false, expires at: 1766116767764
[debug] [2025-12-19T22:08:26.768Z] > refreshing access token with scopes: []
[debug] [2025-12-19T22:08:26.769Z] >>> [apiv2][query] POST https://www.googleapis.com/oauth2/v3/token [none]
[debug] [2025-12-19T22:08:26.769Z] >>> [apiv2][body] POST https://www.googleapis.com/oauth2/v3/token [omitted]
[debug] [2025-12-19T22:08:26.842Z] <<< [apiv2][status] POST https://www.googleapis.com/oauth2/v3/token 400
[debug] [2025-12-19T22:08:26.842Z] <<< [apiv2][body] POST https://www.googleapis.com/oauth2/v3/token [omitted]
[error] Authentication Error: Your credentials are no longer valid. Please run firebase login --reauth

For CI servers and headless environments, generate a new token with firebase login:ci
[error] Authentication Error: Your credentials are no longer valid. Please run firebase login --reauth

For CI servers and headless environments, generate a new token with firebase login:ci
[error] Failed to fetch Firebase Project from current Studio Workspace: Authentication Error: Your credentials are no longer valid. Please run firebase login --reauth

For CI servers and headless environments, generate a new token with firebase login:ci
[debug] [2025-12-19T22:08:26.843Z] > command requires scopes: ["email","openid","https://www.googleapis.com/auth/cloudplatformprojects.readonly","https://www.googleapis.com/auth/firebase","https://www.googleapis.com/auth/cloud-platform","https://www.googleapis.com/auth/userinfo.email"]
[debug] [2025-12-19T22:08:26.843Z] > authorizing via signed-in user (info@prostoglass.com)
[debug] [2025-12-19T22:15:46.255Z] Checked if tokens are valid: false, expires at: 1766116767764
[debug] [2025-12-19T22:15:46.260Z] Checked if tokens are valid: false, expires at: 1766116767764
[debug] [2025-12-19T22:15:46.261Z] > refreshing access token with scopes: []
[debug] [2025-12-19T22:15:46.264Z] >>> [apiv2][query] POST https://www.googleapis.com/oauth2/v3/token [none]
[debug] [2025-12-19T22:15:46.264Z] >>> [apiv2][body] POST https://www.googleapis.com/oauth2/v3/token [omitted]
[debug] [2025-12-19T22:15:46.270Z] Checked if tokens are valid: false, expires at: 1766116767764
[debug] [2025-12-19T22:15:46.270Z] Checked if tokens are valid: false, expires at: 1766116767764
[debug] [2025-12-19T22:15:46.270Z] > refreshing access token with scopes: []
[debug] [2025-12-19T22:15:46.271Z] >>> [apiv2][query] POST https://www.googleapis.com/oauth2/v3/token [none]
[debug] [2025-12-19T22:15:46.272Z] >>> [apiv2][body] POST https://www.googleapis.com/oauth2/v3/token [omitted]
[debug] [2025-12-19T22:15:46.388Z] <<< [apiv2][status] POST https://www.googleapis.com/oauth2/v3/token 400
[debug] [2025-12-19T22:15:46.389Z] <<< [apiv2][body] POST https://www.googleapis.com/oauth2/v3/token [omitted]
[error] Authentication Error: Your credentials are no longer valid. Please run firebase login --reauth

For CI servers and headless environments, generate a new token with firebase login:ci
[error] Authentication Error: Your credentials are no longer valid. Please run firebase login --reauth

For CI servers and headless environments, generate a new token with firebase login:ci
[error] Failed to fetch Firebase Project from current Studio Workspace: Authentication Error: Your credentials are no longer valid. Please run firebase login --reauth

For CI servers and headless environments, generate a new token with firebase login:ci
[debug] [2025-12-19T22:15:46.401Z] Checked if tokens are valid: false, expires at: 1766116767764
[debug] [2025-12-19T22:15:46.401Z] Checked if tokens are valid: false, expires at: 1766116767764
[debug] [2025-12-19T22:15:46.402Z] > refreshing access token with scopes: []
[debug] [2025-12-19T22:15:46.405Z] >>> [apiv2][query] POST https://www.googleapis.com/oauth2/v3/token [none]
[debug] [2025-12-19T22:15:46.405Z] >>> [apiv2][body] POST https://www.googleapis.com/oauth2/v3/token [omitted]
[debug] [2025-12-19T22:15:46.412Z] <<< [apiv2][status] POST https://www.googleapis.com/oauth2/v3/token 400
[debug] [2025-12-19T22:15:46.413Z] <<< [apiv2][body] POST https://www.googleapis.com/oauth2/v3/token [omitted]
[error] Authentication Error: Your credentials are no longer valid. Please run firebase login --reauth

For CI servers and headless environments, generate a new token with firebase login:ci
[error] Authentication Error: Your credentials are no longer valid. Please run firebase login --reauth

For CI servers and headless environments, generate a new token with firebase login:ci
[error] Failed to fetch Firebase Project from current Studio Workspace: Authentication Error: Your credentials are no longer valid. Please run firebase login --reauth

For CI servers and headless environments, generate a new token with firebase login:ci
[debug] [2025-12-19T22:15:46.418Z] Checked if tokens are valid: false, expires at: 1766116767764
[debug] [2025-12-19T22:15:46.418Z] Checked if tokens are valid: false, expires at: 1766116767764
[debug] [2025-12-19T22:15:46.419Z] > refreshing access token with scopes: []
[debug] [2025-12-19T22:15:46.420Z] >>> [apiv2][query] POST https://www.googleapis.com/oauth2/v3/token [none]
[debug] [2025-12-19T22:15:46.420Z] >>> [apiv2][body] POST https://www.googleapis.com/oauth2/v3/token [omitted]
[debug] [2025-12-19T22:15:46.485Z] <<< [apiv2][status] POST https://www.googleapis.com/oauth2/v3/token 400
[debug] [2025-12-19T22:15:46.485Z] <<< [apiv2][body] POST https://www.googleapis.com/oauth2/v3/token [omitted]
[error] Authentication Error: Your credentials are no longer valid. Please run firebase login --reauth

For CI servers and headless environments, generate a new token with firebase login:ci
[error] Authentication Error: Your credentials are no longer valid. Please run firebase login --reauth

For CI servers and headless environments, generate a new token with firebase login:ci
[error] Failed to fetch Firebase Project from current Studio Workspace: Authentication Error: Your credentials are no longer valid. Please run firebase login --reauth

For CI servers and headless environments, generate a new token with firebase login:ci
[debug] [2025-12-19T22:15:46.486Z] > command requires scopes: ["email","openid","https://www.googleapis.com/auth/cloudplatformprojects.readonly","https://www.googleapis.com/auth/firebase","https://www.googleapis.com/auth/cloud-platform","https://www.googleapis.com/auth/userinfo.email"]
[debug] [2025-12-19T22:15:46.487Z] > authorizing via signed-in user (info@prostoglass.com)
[debug] [2025-12-19T22:15:46.569Z] <<< [apiv2][status] POST https://www.googleapis.com/oauth2/v3/token 400
[debug] [2025-12-19T22:15:46.570Z] <<< [apiv2][body] POST https://www.googleapis.com/oauth2/v3/token [omitted]
[error] Authentication Error: Your credentials are no longer valid. Please run firebase login --reauth

For CI servers and headless environments, generate a new token with firebase login:ci
[error] Authentication Error: Your credentials are no longer valid. Please run firebase login --reauth

For CI servers and headless environments, generate a new token with firebase login:ci
[error] Failed to fetch Firebase Project from current Studio Workspace: Authentication Error: Your credentials are no longer valid. Please run firebase login --reauth

For CI servers and headless environments, generate a new token with firebase login:ci
[debug] [2025-12-19T22:15:46.570Z] > command requires scopes: ["email","openid","https://www.googleapis.com/auth/cloudplatformprojects.readonly","https://www.googleapis.com/auth/firebase","https://www.googleapis.com/auth/cloud-platform","https://www.googleapis.com/auth/userinfo.email"]
[debug] [2025-12-19T22:15:46.571Z] > authorizing via signed-in user (info@prostoglass.com)
[debug] [2025-12-19T22:15:46.812Z] Checked if tokens are valid: false, expires at: 1766116767764
[debug] [2025-12-19T22:15:46.813Z] Checked if tokens are valid: false, expires at: 1766116767764
[debug] [2025-12-19T22:15:46.813Z] > refreshing access token with scopes: []
[debug] [2025-12-19T22:15:46.813Z] >>> [apiv2][query] POST https://www.googleapis.com/oauth2/v3/token [none]
[debug] [2025-12-19T22:15:46.814Z] >>> [apiv2][body] POST https://www.googleapis.com/oauth2/v3/token [omitted]
[debug] [2025-12-19T22:15:46.867Z] <<< [apiv2][status] POST https://www.googleapis.com/oauth2/v3/token 400
[debug] [2025-12-19T22:15:46.867Z] <<< [apiv2][body] POST https://www.googleapis.com/oauth2/v3/token [omitted]
[error] Authentication Error: Your credentials are no longer valid. Please run firebase login --reauth

For CI servers and headless environments, generate a new token with firebase login:ci
[error] Authentication Error: Your credentials are no longer valid. Please run firebase login --reauth

For CI servers and headless environments, generate a new token with firebase login:ci
[error] Failed to fetch Firebase Project from current Studio Workspace: Authentication Error: Your credentials are no longer valid. Please run firebase login --reauth

For CI servers and headless environments, generate a new token with firebase login:ci
[debug] [2025-12-19T22:15:46.882Z] Checked if tokens are valid: false, expires at: 1766116767764
[debug] [2025-12-19T22:15:46.883Z] Checked if tokens are valid: false, expires at: 1766116767764
[debug] [2025-12-19T22:15:46.883Z] > refreshing access token with scopes: []
[debug] [2025-12-19T22:15:46.883Z] >>> [apiv2][query] POST https://www.googleapis.com/oauth2/v3/token [none]
[debug] [2025-12-19T22:15:46.883Z] >>> [apiv2][body] POST https://www.googleapis.com/oauth2/v3/token [omitted]
[debug] [2025-12-19T22:15:46.947Z] <<< [apiv2][status] POST https://www.googleapis.com/oauth2/v3/token 400
[debug] [2025-12-19T22:15:46.947Z] <<< [apiv2][body] POST https://www.googleapis.com/oauth2/v3/token [omitted]
[error] Authentication Error: Your credentials are no longer valid. Please run firebase login --reauth

For CI servers and headless environments, generate a new token with firebase login:ci
[error] Authentication Error: Your credentials are no longer valid. Please run firebase login --reauth

For CI servers and headless environments, generate a new token with firebase login:ci
[error] Failed to fetch Firebase Project from current Studio Workspace: Authentication Error: Your credentials are no longer valid. Please run firebase login --reauth

For CI servers and headless environments, generate a new token with firebase login:ci
[debug] [2025-12-19T22:15:46.949Z] Checked if tokens are valid: false, expires at: 1766116767764
[debug] [2025-12-19T22:15:46.949Z] Checked if tokens are valid: false, expires at: 1766116767764
[debug] [2025-12-19T22:15:46.949Z] > refreshing access token with scopes: []
[debug] [2025-12-19T22:15:46.950Z] >>> [apiv2][query] POST https://www.googleapis.com/oauth2/v3/token [none]
[debug] [2025-12-19T22:15:46.950Z] >>> [apiv2][body] POST https://www.googleapis.com/oauth2/v3/token [omitted]
[debug] [2025-12-19T22:15:47.001Z] <<< [apiv2][status] POST https://www.googleapis.com/oauth2/v3/token 400
[debug] [2025-12-19T22:15:47.001Z] <<< [apiv2][body] POST https://www.googleapis.com/oauth2/v3/token [omitted]
[error] Authentication Error: Your credentials are no longer valid. Please run firebase login --reauth

For CI servers and headless environments, generate a new token with firebase login:ci
[error] Authentication Error: Your credentials are no longer valid. Please run firebase login --reauth

For CI servers and headless environments, generate a new token with firebase login:ci
[error] Failed to fetch Firebase Project from current Studio Workspace: Authentication Error: Your credentials are no longer valid. Please run firebase login --reauth

For CI servers and headless environments, generate a new token with firebase login:ci
[debug] [2025-12-19T22:15:47.002Z] > command requires scopes: ["email","openid","https://www.googleapis.com/auth/cloudplatformprojects.readonly","https://www.googleapis.com/auth/firebase","https://www.googleapis.com/auth/cloud-platform","https://www.googleapis.com/auth/userinfo.email"]
[debug] [2025-12-19T22:15:47.002Z] > authorizing via signed-in user (info@prostoglass.com)
[debug] [2025-12-19T22:15:47.011Z] Checked if tokens are valid: false, expires at: 1766116767764
[debug] [2025-12-19T22:15:47.011Z] Checked if tokens are valid: false, expires at: 1766116767764
[debug] [2025-12-19T22:15:47.011Z] > refreshing access token with scopes: []
[debug] [2025-12-19T22:15:47.012Z] >>> [apiv2][query] POST https://www.googleapis.com/oauth2/v3/token [none]
[debug] [2025-12-19T22:15:47.012Z] >>> [apiv2][body] POST https://www.googleapis.com/oauth2/v3/token [omitted]
[debug] [2025-12-19T22:15:47.061Z] <<< [apiv2][status] POST https://www.googleapis.com/oauth2/v3/token 400
[debug] [2025-12-19T22:15:47.061Z] <<< [apiv2][body] POST https://www.googleapis.com/oauth2/v3/token [omitted]
[error] Authentication Error: Your credentials are no longer valid. Please run firebase login --reauth

For CI servers and headless environments, generate a new token with firebase login:ci
[error] Authentication Error: Your credentials are no longer valid. Please run firebase login --reauth

For CI servers and headless environments, generate a new token with firebase login:ci
[error] Failed to fetch Firebase Project from current Studio Workspace: Authentication Error: Your credentials are no longer valid. Please run firebase login --reauth

For CI servers and headless environments, generate a new token with firebase login:ci
[debug] [2025-12-19T22:15:47.062Z] > command requires scopes: ["email","openid","https://www.googleapis.com/auth/cloudplatformprojects.readonly","https://www.googleapis.com/auth/firebase","https://www.googleapis.com/auth/cloud-platform","https://www.googleapis.com/auth/userinfo.email"]
[debug] [2025-12-19T22:15:47.062Z] > authorizing via signed-in user (info@prostoglass.com)
[debug] [2025-12-19T22:15:47.070Z] Checked if tokens are valid: false, expires at: 1766116767764
[debug] [2025-12-19T22:15:47.070Z] Checked if tokens are valid: false, expires at: 1766116767764
[debug] [2025-12-19T22:15:47.070Z] > refreshing access token with scopes: []
[debug] [2025-12-19T22:15:47.071Z] >>> [apiv2][query] POST https://www.googleapis.com/oauth2/v3/token [none]
[debug] [2025-12-19T22:15:47.071Z] >>> [apiv2][body] POST https://www.googleapis.com/oauth2/v3/token [omitted]
[debug] [2025-12-19T22:15:47.172Z] <<< [apiv2][status] POST https://www.googleapis.com/oauth2/v3/token 400
[debug] [2025-12-19T22:15:47.172Z] <<< [apiv2][body] POST https://www.googleapis.com/oauth2/v3/token [omitted]
[error] Authentication Error: Your credentials are no longer valid. Please run firebase login --reauth

For CI servers and headless environments, generate a new token with firebase login:ci
[error] Authentication Error: Your credentials are no longer valid. Please run firebase login --reauth

For CI servers and headless environments, generate a new token with firebase login:ci
[error] Failed to fetch Firebase Project from current Studio Workspace: Authentication Error: Your credentials are no longer valid. Please run firebase login --reauth

For CI servers and headless environments, generate a new token with firebase login:ci
[debug] [2025-12-19T22:15:47.189Z] Checked if tokens are valid: false, expires at: 1766116767764
[debug] [2025-12-19T22:15:47.190Z] Checked if tokens are valid: false, expires at: 1766116767764
[debug] [2025-12-19T22:15:47.190Z] > refreshing access token with scopes: []
[debug] [2025-12-19T22:15:47.191Z] >>> [apiv2][query] POST https://www.googleapis.com/oauth2/v3/token [none]
[debug] [2025-12-19T22:15:47.191Z] >>> [apiv2][body] POST https://www.googleapis.com/oauth2/v3/token [omitted]
[debug] [2025-12-19T22:15:47.237Z] <<< [apiv2][status] POST https://www.googleapis.com/oauth2/v3/token 400
[debug] [2025-12-19T22:15:47.237Z] <<< [apiv2][body] POST https://www.googleapis.com/oauth2/v3/token [omitted]
[error] Authentication Error: Your credentials are no longer valid. Please run firebase login --reauth

For CI servers and headless environments, generate a new token with firebase login:ci
[error] Authentication Error: Your credentials are no longer valid. Please run firebase login --reauth

For CI servers and headless environments, generate a new token with firebase login:ci
[error] Failed to fetch Firebase Project from current Studio Workspace: Authentication Error: Your credentials are no longer valid. Please run firebase login --reauth

For CI servers and headless environments, generate a new token with firebase login:ci
[debug] [2025-12-19T22:15:47.240Z] Checked if tokens are valid: false, expires at: 1766116767764
[debug] [2025-12-19T22:15:47.240Z] Checked if tokens are valid: false, expires at: 1766116767764
[debug] [2025-12-19T22:15:47.240Z] > refreshing access token with scopes: []
[debug] [2025-12-19T22:15:47.240Z] >>> [apiv2][query] POST https://www.googleapis.com/oauth2/v3/token [none]
[debug] [2025-12-19T22:15:47.240Z] >>> [apiv2][body] POST https://www.googleapis.com/oauth2/v3/token [omitted]
[debug] [2025-12-19T22:15:47.290Z] <<< [apiv2][status] POST https://www.googleapis.com/oauth2/v3/token 400
[debug] [2025-12-19T22:15:47.290Z] <<< [apiv2][body] POST https://www.googleapis.com/oauth2/v3/token [omitted]
[error] Authentication Error: Your credentials are no longer valid. Please run firebase login --reauth

For CI servers and headless environments, generate a new token with firebase login:ci
[error] Authentication Error: Your credentials are no longer valid. Please run firebase login --reauth

For CI servers and headless environments, generate a new token with firebase login:ci
[error] Failed to fetch Firebase Project from current Studio Workspace: Authentication Error: Your credentials are no longer valid. Please run firebase login --reauth

For CI servers and headless environments, generate a new token with firebase login:ci
[debug] [2025-12-19T22:15:47.290Z] > command requires scopes: ["email","openid","https://www.googleapis.com/auth/cloudplatformprojects.readonly","https://www.googleapis.com/auth/firebase","https://www.googleapis.com/auth/cloud-platform","https://www.googleapis.com/auth/userinfo.email"]
[debug] [2025-12-19T22:15:47.291Z] > authorizing via signed-in user (info@prostoglass.com)
[debug] [2025-12-19T22:15:47.295Z] Checked if tokens are valid: false, expires at: 1766116767764
[debug] [2025-12-19T22:15:47.295Z] Checked if tokens are valid: false, expires at: 1766116767764
[debug] [2025-12-19T22:15:47.296Z] > refreshing access token with scopes: []
[debug] [2025-12-19T22:15:47.296Z] >>> [apiv2][query] POST https://www.googleapis.com/oauth2/v3/token [none]
[debug] [2025-12-19T22:15:47.296Z] >>> [apiv2][body] POST https://www.googleapis.com/oauth2/v3/token [omitted]
[debug] [2025-12-19T22:15:47.357Z] <<< [apiv2][status] POST https://www.googleapis.com/oauth2/v3/token 400
[debug] [2025-12-19T22:15:47.358Z] <<< [apiv2][body] POST https://www.googleapis.com/oauth2/v3/token [omitted]
[error] Authentication Error: Your credentials are no longer valid. Please run firebase login --reauth

For CI servers and headless environments, generate a new token with firebase login:ci
[error] Authentication Error: Your credentials are no longer valid. Please run firebase login --reauth

For CI servers and headless environments, generate a new token with firebase login:ci
[error] Failed to fetch Firebase Project from current Studio Workspace: Authentication Error: Your credentials are no longer valid. Please run firebase login --reauth

For CI servers and headless environments, generate a new token with firebase login:ci
[debug] [2025-12-19T22:15:47.359Z] > command requires scopes: ["email","openid","https://www.googleapis.com/auth/cloudplatformprojects.readonly","https://www.googleapis.com/auth/firebase","https://www.googleapis.com/auth/cloud-platform","https://www.googleapis.com/auth/userinfo.email"]
[debug] [2025-12-19T22:15:47.360Z] > authorizing via signed-in user (info@prostoglass.com)
[debug] [2025-12-19T22:32:29.410Z] Checked if tokens are valid: false, expires at: 1766116767764
[debug] [2025-12-19T22:32:29.417Z] Checked if tokens are valid: false, expires at: 1766116767764
[debug] [2025-12-19T22:32:29.418Z] > refreshing access token with scopes: []
[debug] [2025-12-19T22:32:29.421Z] >>> [apiv2][query] POST https://www.googleapis.com/oauth2/v3/token [none]
[debug] [2025-12-19T22:32:29.422Z] >>> [apiv2][body] POST https://www.googleapis.com/oauth2/v3/token [omitted]
[debug] [2025-12-19T22:32:29.428Z] Checked if tokens are valid: false, expires at: 1766116767764
[debug] [2025-12-19T22:32:29.428Z] Checked if tokens are valid: false, expires at: 1766116767764
[debug] [2025-12-19T22:32:29.428Z] > refreshing access token with scopes: []
[debug] [2025-12-19T22:32:29.429Z] >>> [apiv2][query] POST https://www.googleapis.com/oauth2/v3/token [none]
[debug] [2025-12-19T22:32:29.429Z] >>> [apiv2][body] POST https://www.googleapis.com/oauth2/v3/token [omitted]
[debug] [2025-12-19T22:32:29.536Z] <<< [apiv2][status] POST https://www.googleapis.com/oauth2/v3/token 400
[debug] [2025-12-19T22:32:29.537Z] <<< [apiv2][body] POST https://www.googleapis.com/oauth2/v3/token [omitted]
[error] Authentication Error: Your credentials are no longer valid. Please run firebase login --reauth

For CI servers and headless environments, generate a new token with firebase login:ci
[error] Authentication Error: Your credentials are no longer valid. Please run firebase login --reauth

For CI servers and headless environments, generate a new token with firebase login:ci
[error] Failed to fetch Firebase Project from current Studio Workspace: Authentication Error: Your credentials are no longer valid. Please run firebase login --reauth

For CI servers and headless environments, generate a new token with firebase login:ci
[debug] [2025-12-19T22:32:29.543Z] Checked if tokens are valid: false, expires at: 1766116767764
[debug] [2025-12-19T22:32:29.543Z] Checked if tokens are valid: false, expires at: 1766116767764
[debug] [2025-12-19T22:32:29.543Z] > refreshing access token with scopes: []
[debug] [2025-12-19T22:32:29.544Z] >>> [apiv2][query] POST https://www.googleapis.com/oauth2/v3/token [none]
[debug] [2025-12-19T22:32:29.544Z] >>> [apiv2][body] POST https://www.googleapis.com/oauth2/v3/token [omitted]
[debug] [2025-12-19T22:32:29.566Z] <<< [apiv2][status] POST https://www.googleapis.com/oauth2/v3/token 400
[debug] [2025-12-19T22:32:29.566Z] <<< [apiv2][body] POST https://www.googleapis.com/oauth2/v3/token [omitted]
[error] Authentication Error: Your credentials are no longer valid. Please run firebase login --reauth

For CI servers and headless environments, generate a new token with firebase login:ci
[error] Authentication Error: Your credentials are no longer valid. Please run firebase login --reauth

For CI servers and headless environments, generate a new token with firebase login:ci
[error] Failed to fetch Firebase Project from current Studio Workspace: Authentication Error: Your credentials are no longer valid. Please run firebase login --reauth

For CI servers and headless environments, generate a new token with firebase login:ci
[debug] [2025-12-19T22:32:29.570Z] Checked if tokens are valid: false, expires at: 1766116767764
[debug] [2025-12-19T22:32:29.570Z] Checked if tokens are valid: false, expires at: 1766116767764
[debug] [2025-12-19T22:32:29.570Z] > refreshing access token with scopes: []
[debug] [2025-12-19T22:32:29.571Z] >>> [apiv2][query] POST https://www.googleapis.com/oauth2/v3/token [none]
[debug] [2025-12-19T22:32:29.571Z] >>> [apiv2][body] POST https://www.googleapis.com/oauth2/v3/token [omitted]
[debug] [2025-12-19T22:32:29.606Z] <<< [apiv2][status] POST https://www.googleapis.com/oauth2/v3/token 400
[debug] [2025-12-19T22:32:29.607Z] <<< [apiv2][body] POST https://www.googleapis.com/oauth2/v3/token [omitted]
[error] Authentication Error: Your credentials are no longer valid. Please run firebase login --reauth

For CI servers and headless environments, generate a new token with firebase login:ci
[error] Authentication Error: Your credentials are no longer valid. Please run firebase login --reauth

For CI servers and headless environments, generate a new token with firebase login:ci
[error] Failed to fetch Firebase Project from current Studio Workspace: Authentication Error: Your credentials are no longer valid. Please run firebase login --reauth

For CI servers and headless environments, generate a new token with firebase login:ci
[debug] [2025-12-19T22:32:29.608Z] > command requires scopes: ["email","openid","https://www.googleapis.com/auth/cloudplatformprojects.readonly","https://www.googleapis.com/auth/firebase","https://www.googleapis.com/auth/cloud-platform","https://www.googleapis.com/auth/userinfo.email"]
[debug] [2025-12-19T22:32:29.608Z] > authorizing via signed-in user (info@prostoglass.com)
[debug] [2025-12-19T22:32:29.729Z] <<< [apiv2][status] POST https://www.googleapis.com/oauth2/v3/token 400
[debug] [2025-12-19T22:32:29.729Z] <<< [apiv2][body] POST https://www.googleapis.com/oauth2/v3/token [omitted]
[error] Authentication Error: Your credentials are no longer valid. Please run firebase login --reauth

For CI servers and headless environments, generate a new token with firebase login:ci
[error] Authentication Error: Your credentials are no longer valid. Please run firebase login --reauth

For CI servers and headless environments, generate a new token with firebase login:ci
[error] Failed to fetch Firebase Project from current Studio Workspace: Authentication Error: Your credentials are no longer valid. Please run firebase login --reauth

For CI servers and headless environments, generate a new token with firebase login:ci
[debug] [2025-12-19T22:32:29.730Z] > command requires scopes: ["email","openid","https://www.googleapis.com/auth/cloudplatformprojects.readonly","https://www.googleapis.com/auth/firebase","https://www.googleapis.com/auth/cloud-platform","https://www.googleapis.com/auth/userinfo.email"]
[debug] [2025-12-19T22:32:29.730Z] > authorizing via signed-in user (info@prostoglass.com)
[debug] [2025-12-19T22:32:29.828Z] Checked if tokens are valid: false, expires at: 1766116767764
[debug] [2025-12-19T22:32:29.829Z] Checked if tokens are valid: false, expires at: 1766116767764
[debug] [2025-12-19T22:32:29.829Z] > refreshing access token with scopes: []
[debug] [2025-12-19T22:32:29.830Z] >>> [apiv2][query] POST https://www.googleapis.com/oauth2/v3/token [none]
[debug] [2025-12-19T22:32:29.830Z] >>> [apiv2][body] POST https://www.googleapis.com/oauth2/v3/token [omitted]
[debug] [2025-12-19T22:32:29.895Z] <<< [apiv2][status] POST https://www.googleapis.com/oauth2/v3/token 400
[debug] [2025-12-19T22:32:29.896Z] <<< [apiv2][body] POST https://www.googleapis.com/oauth2/v3/token [omitted]
[error] Authentication Error: Your credentials are no longer valid. Please run firebase login --reauth

For CI servers and headless environments, generate a new token with firebase login:ci
[error] Authentication Error: Your credentials are no longer valid. Please run firebase login --reauth

For CI servers and headless environments, generate a new token with firebase login:ci
[error] Failed to fetch Firebase Project from current Studio Workspace: Authentication Error: Your credentials are no longer valid. Please run firebase login --reauth

For CI servers and headless environments, generate a new token with firebase login:ci
[debug] [2025-12-19T22:32:29.912Z] Checked if tokens are valid: false, expires at: 1766116767764
[debug] [2025-12-19T22:32:29.912Z] Checked if tokens are valid: false, expires at: 1766116767764
[debug] [2025-12-19T22:32:29.912Z] > refreshing access token with scopes: []
[debug] [2025-12-19T22:32:29.913Z] >>> [apiv2][query] POST https://www.googleapis.com/oauth2/v3/token [none]
[debug] [2025-12-19T22:32:29.913Z] >>> [apiv2][body] POST https://www.googleapis.com/oauth2/v3/token [omitted]
[debug] [2025-12-19T22:32:29.984Z] <<< [apiv2][status] POST https://www.googleapis.com/oauth2/v3/token 400
[debug] [2025-12-19T22:32:29.985Z] <<< [apiv2][body] POST https://www.googleapis.com/oauth2/v3/token [omitted]
[error] Authentication Error: Your credentials are no longer valid. Please run firebase login --reauth

For CI servers and headless environments, generate a new token with firebase login:ci
[error] Authentication Error: Your credentials are no longer valid. Please run firebase login --reauth

For CI servers and headless environments, generate a new token with firebase login:ci
[error] Failed to fetch Firebase Project from current Studio Workspace: Authentication Error: Your credentials are no longer valid. Please run firebase login --reauth

For CI servers and headless environments, generate a new token with firebase login:ci
[debug] [2025-12-19T22:32:29.988Z] Checked if tokens are valid: false, expires at: 1766116767764
[debug] [2025-12-19T22:32:29.989Z] Checked if tokens are valid: false, expires at: 1766116767764
[debug] [2025-12-19T22:32:29.989Z] > refreshing access token with scopes: []
[debug] [2025-12-19T22:32:29.989Z] >>> [apiv2][query] POST https://www.googleapis.com/oauth2/v3/token [none]
[debug] [2025-12-19T22:32:29.990Z] >>> [apiv2][body] POST https://www.googleapis.com/oauth2/v3/token [omitted]
[debug] [2025-12-19T22:32:30.050Z] <<< [apiv2][status] POST https://www.googleapis.com/oauth2/v3/token 400
[debug] [2025-12-19T22:32:30.050Z] <<< [apiv2][body] POST https://www.googleapis.com/oauth2/v3/token [omitted]
[error] Authentication Error: Your credentials are no longer valid. Please run firebase login --reauth

For CI servers and headless environments, generate a new token with firebase login:ci
[error] Authentication Error: Your credentials are no longer valid. Please run firebase login --reauth

For CI servers and headless environments, generate a new token with firebase login:ci
[error] Failed to fetch Firebase Project from current Studio Workspace: Authentication Error: Your credentials are no longer valid. Please run firebase login --reauth

For CI servers and headless environments, generate a new token with firebase login:ci
[debug] [2025-12-19T22:32:30.051Z] > command requires scopes: ["email","openid","https://www.googleapis.com/auth/cloudplatformprojects.readonly","https://www.googleapis.com/auth/firebase","https://www.googleapis.com/auth/cloud-platform","https://www.googleapis.com/auth/userinfo.email"]
[debug] [2025-12-19T22:32:30.051Z] > authorizing via signed-in user (info@prostoglass.com)
[debug] [2025-12-19T22:32:30.055Z] Checked if tokens are valid: false, expires at: 1766116767764
[debug] [2025-12-19T22:32:30.055Z] Checked if tokens are valid: false, expires at: 1766116767764
[debug] [2025-12-19T22:32:30.055Z] > refreshing access token with scopes: []
[debug] [2025-12-19T22:32:30.056Z] >>> [apiv2][query] POST https://www.googleapis.com/oauth2/v3/token [none]
[debug] [2025-12-19T22:32:30.056Z] >>> [apiv2][body] POST https://www.googleapis.com/oauth2/v3/token [omitted]
[debug] [2025-12-19T22:32:30.109Z] <<< [apiv2][status] POST https://www.googleapis.com/oauth2/v3/token 400
[debug] [2025-12-19T22:32:30.110Z] <<< [apiv2][body] POST https://www.googleapis.com/oauth2/v3/token [omitted]
[error] Authentication Error: Your credentials are no longer valid. Please run firebase login --reauth

For CI servers and headless environments, generate a new token with firebase login:ci
[error] Authentication Error: Your credentials are no longer valid. Please run firebase login --reauth

For CI servers and headless environments, generate a new token with firebase login:ci
[error] Failed to fetch Firebase Project from current Studio Workspace: Authentication Error: Your credentials are no longer valid. Please run firebase login --reauth

For CI servers and headless environments, generate a new token with firebase login:ci
[debug] [2025-12-19T22:32:30.110Z] > command requires scopes: ["email","openid","https://www.googleapis.com/auth/cloudplatformprojects.readonly","https://www.googleapis.com/auth/firebase","https://www.googleapis.com/auth/cloud-platform","https://www.googleapis.com/auth/userinfo.email"]
[debug] [2025-12-19T22:32:30.110Z] > authorizing via signed-in user (info@prostoglass.com)
[debug] [2025-12-19T22:32:30.118Z] Checked if tokens are valid: false, expires at: 1766116767764
[debug] [2025-12-19T22:32:30.118Z] Checked if tokens are valid: false, expires at: 1766116767764
[debug] [2025-12-19T22:32:30.119Z] > refreshing access token with scopes: []
[debug] [2025-12-19T22:32:30.119Z] >>> [apiv2][query] POST https://www.googleapis.com/oauth2/v3/token [none]
[debug] [2025-12-19T22:32:30.119Z] >>> [apiv2][body] POST https://www.googleapis.com/oauth2/v3/token [omitted]
[debug] [2025-12-19T22:32:30.171Z] <<< [apiv2][status] POST https://www.googleapis.com/oauth2/v3/token 400
[debug] [2025-12-19T22:32:30.172Z] <<< [apiv2][body] POST https://www.googleapis.com/oauth2/v3/token [omitted]
[error] Authentication Error: Your credentials are no longer valid. Please run firebase login --reauth

For CI servers and headless environments, generate a new token with firebase login:ci
[error] Authentication Error: Your credentials are no longer valid. Please run firebase login --reauth

For CI servers and headless environments, generate a new token with firebase login:ci
[error] Failed to fetch Firebase Project from current Studio Workspace: Authentication Error: Your credentials are no longer valid. Please run firebase login --reauth

For CI servers and headless environments, generate a new token with firebase login:ci
[debug] [2025-12-19T22:32:30.187Z] Checked if tokens are valid: false, expires at: 1766116767764
[debug] [2025-12-19T22:32:30.188Z] Checked if tokens are valid: false, expires at: 1766116767764
[debug] [2025-12-19T22:32:30.188Z] > refreshing access token with scopes: []
[debug] [2025-12-19T22:32:30.190Z] >>> [apiv2][query] POST https://www.googleapis.com/oauth2/v3/token [none]
[debug] [2025-12-19T22:32:30.190Z] >>> [apiv2][body] POST https://www.googleapis.com/oauth2/v3/token [omitted]
[debug] [2025-12-19T22:32:30.255Z] <<< [apiv2][status] POST https://www.googleapis.com/oauth2/v3/token 400
[debug] [2025-12-19T22:32:30.255Z] <<< [apiv2][body] POST https://www.googleapis.com/oauth2/v3/token [omitted]
[error] Authentication Error: Your credentials are no longer valid. Please run firebase login --reauth

For CI servers and headless environments, generate a new token with firebase login:ci
[error] Authentication Error: Your credentials are no longer valid. Please run firebase login --reauth

For CI servers and headless environments, generate a new token with firebase login:ci
[error] Failed to fetch Firebase Project from current Studio Workspace: Authentication Error: Your credentials are no longer valid. Please run firebase login --reauth

For CI servers and headless environments, generate a new token with firebase login:ci
[debug] [2025-12-19T22:32:30.259Z] Checked if tokens are valid: false, expires at: 1766116767764
[debug] [2025-12-19T22:32:30.259Z] Checked if tokens are valid: false, expires at: 1766116767764
[debug] [2025-12-19T22:32:30.259Z] > refreshing access token with scopes: []
[debug] [2025-12-19T22:32:30.259Z] >>> [apiv2][query] POST https://www.googleapis.com/oauth2/v3/token [none]
[debug] [2025-12-19T22:32:30.260Z] >>> [apiv2][body] POST https://www.googleapis.com/oauth2/v3/token [omitted]
[debug] [2025-12-19T22:32:30.325Z] <<< [apiv2][status] POST https://www.googleapis.com/oauth2/v3/token 400
[debug] [2025-12-19T22:32:30.325Z] <<< [apiv2][body] POST https://www.googleapis.com/oauth2/v3/token [omitted]
[error] Authentication Error: Your credentials are no longer valid. Please run firebase login --reauth

For CI servers and headless environments, generate a new token with firebase login:ci
[error] Authentication Error: Your credentials are no longer valid. Please run firebase login --reauth

For CI servers and headless environments, generate a new token with firebase login:ci
[error] Failed to fetch Firebase Project from current Studio Workspace: Authentication Error: Your credentials are no longer valid. Please run firebase login --reauth

For CI servers and headless environments, generate a new token with firebase login:ci
[debug] [2025-12-19T22:32:30.326Z] > command requires scopes: ["email","openid","https://www.googleapis.com/auth/cloudplatformprojects.readonly","https://www.googleapis.com/auth/firebase","https://www.googleapis.com/auth/cloud-platform","https://www.googleapis.com/auth/userinfo.email"]
[debug] [2025-12-19T22:32:30.326Z] > authorizing via signed-in user (info@prostoglass.com)
[debug] [2025-12-19T22:32:30.328Z] Checked if tokens are valid: false, expires at: 1766116767764
[debug] [2025-12-19T22:32:30.329Z] Checked if tokens are valid: false, expires at: 1766116767764
[debug] [2025-12-19T22:32:30.329Z] > refreshing access token with scopes: []
[debug] [2025-12-19T22:32:30.329Z] >>> [apiv2][query] POST https://www.googleapis.com/oauth2/v3/token [none]
[debug] [2025-12-19T22:32:30.329Z] >>> [apiv2][body] POST https://www.googleapis.com/oauth2/v3/token [omitted]
[debug] [2025-12-19T22:32:30.387Z] <<< [apiv2][status] POST https://www.googleapis.com/oauth2/v3/token 400
[debug] [2025-12-19T22:32:30.387Z] <<< [apiv2][body] POST https://www.googleapis.com/oauth2/v3/token [omitted]
[error] Authentication Error: Your credentials are no longer valid. Please run firebase login --reauth

For CI servers and headless environments, generate a new token with firebase login:ci
[error] Authentication Error: Your credentials are no longer valid. Please run firebase login --reauth

For CI servers and headless environments, generate a new token with firebase login:ci
[error] Failed to fetch Firebase Project from current Studio Workspace: Authentication Error: Your credentials are no longer valid. Please run firebase login --reauth

For CI servers and headless environments, generate a new token with firebase login:ci
[debug] [2025-12-19T22:32:30.388Z] > command requires scopes: ["email","openid","https://www.googleapis.com/auth/cloudplatformprojects.readonly","https://www.googleapis.com/auth/firebase","https://www.googleapis.com/auth/cloud-platform","https://www.googleapis.com/auth/userinfo.email"]
[debug] [2025-12-19T22:32:30.389Z] > authorizing via signed-in user (info@prostoglass.com)
